// Jest Snapshot v1, https://goo.gl/fbAQLP

exports[`LiquidityAmounts #getAmount0ForLiquidity gas 1`] = `412`;

exports[`LiquidityAmounts #getAmountsForLiquidity gas for price above 1`] = `551`;

exports[`LiquidityAmounts #getAmountsForLiquidity gas for price below 1`] = `580`;

exports[`LiquidityAmounts #getAmountsForLiquidity gas for price inside 1`] = `974`;

exports[`LiquidityAmounts #getLiquidityForAmount0 gas 1`] = `673`;

exports[`LiquidityAmounts #getLiquidityForAmount1 gas 1`] = `433`;

exports[`LiquidityAmounts #getLiquidityForAmount1 gas 2`] = `439`;

exports[`LiquidityAmounts #getLiquidityForAmounts gas for price above 1`] = `627`;

exports[`LiquidityAmounts #getLiquidityForAmounts gas for price below 1`] = `838`;

exports[`LiquidityAmounts #getLiquidityForAmounts gas for price inside 1`] = `1360`;
