// Jest Snapshot v1, https://goo.gl/fbAQLP

exports[`NonfungiblePositionManager #burn gas 1`] = `69776`;

exports[`NonfungiblePositionManager #collect gas transfers both 1`] = `152844`;

exports[`NonfungiblePositionManager #collect gas transfers token0 only 1`] = `146997`;

exports[`NonfungiblePositionManager #collect gas transfers token1 only 1`] = `147225`;

exports[`NonfungiblePositionManager #createAndInitializePoolIfNecessary gas 1`] = `339405`;

exports[`NonfungiblePositionManager #decreaseLiquidity gas complete decrease 1`] = `178315`;

exports[`NonfungiblePositionManager #decreaseLiquidity gas partial decrease 1`] = `194769`;

exports[`NonfungiblePositionManager #increaseLiquidity gas 1`] = `222311`;

exports[`NonfungiblePositionManager #mint gas first mint for pool 1`] = `688795`;

exports[`NonfungiblePositionManager #mint gas first mint for pool using eth with non-zero refund 1`] = `698621`;

exports[`NonfungiblePositionManager #mint gas first mint for pool using eth with zero refund 1`] = `691320`;

exports[`NonfungiblePositionManager #mint gas mint for same pool, different ticks 1`] = `486342`;

exports[`NonfungiblePositionManager #mint gas mint on same ticks 1`] = `378881`;

exports[`NonfungiblePositionManager #permit owned by eoa gas 1`] = `65685`;

exports[`NonfungiblePositionManager #permit owned by verifying contract gas 1`] = `69725`;

exports[`NonfungiblePositionManager #positions gas 1`] = `21728`;

exports[`NonfungiblePositionManager #transferFrom gas 1`] = `111469`;

exports[`NonfungiblePositionManager #transferFrom gas comes from approved 1`] = `110595`;

exports[`NonfungiblePositionManager bytecode size 1`] = `41705`;

exports[`NonfungiblePositionManager multicall exit gas 1`] = `265666`;
