// Jest Snapshot v1, https://goo.gl/fbAQLP

exports[`QuoterV2 quotes #quoteExactInput 0 -> 2 -> 1 1`] = `328153`;

exports[`QuoterV2 quotes #quoteExactInput 0 -> 2 cross 0 tick, starting tick initialized 1`] = `148702`;

exports[`QuoterV2 quotes #quoteExactInput 0 -> 2 cross 0 tick, starting tick not initialized 1`] = `125796`;

exports[`QuoterV2 quotes #quoteExactInput 0 -> 2 cross 1 tick 1`] = `170834`;

exports[`QuoterV2 quotes #quoteExactInput 0 -> 2 cross 2 tick 1`] = `209694`;

exports[`QuoterV2 quotes #quoteExactInput 0 -> 2 cross 2 tick where after is initialized 1`] = `170872`;

exports[`QuoterV2 quotes #quoteExactInput 2 -> 0 cross 0 tick, starting tick initialized 1`] = `121288`;

exports[`QuoterV2 quotes #quoteExactInput 2 -> 0 cross 0 tick, starting tick not initialized 1`] = `117388`;

exports[`QuoterV2 quotes #quoteExactInput 2 -> 0 cross 2 1`] = `201276`;

exports[`QuoterV2 quotes #quoteExactInput 2 -> 0 cross 2 where tick after is initialized 1`] = `201284`;

exports[`QuoterV2 quotes #quoteExactInput 2 -> 1 1`] = `120963`;

exports[`QuoterV2 quotes #quoteExactInputSingle 0 -> 2 1`] = `209669`;

exports[`QuoterV2 quotes #quoteExactInputSingle 2 -> 0 1`] = `201241`;

exports[`QuoterV2 quotes #quoteExactOutput 0 -> 2 -> 1 1`] = `328325`;

exports[`QuoterV2 quotes #quoteExactOutput 0 -> 2 cross 0 tick starting tick initialized 1`] = `148541`;

exports[`QuoterV2 quotes #quoteExactOutput 0 -> 2 cross 0 tick starting tick not initialized 1`] = `125655`;

exports[`QuoterV2 quotes #quoteExactOutput 0 -> 2 cross 1 tick 1`] = `170404`;

exports[`QuoterV2 quotes #quoteExactOutput 0 -> 2 cross 2 tick 1`] = `209020`;

exports[`QuoterV2 quotes #quoteExactOutput 0 -> 2 cross 2 where tick after is initialized 1`] = `170442`;

exports[`QuoterV2 quotes #quoteExactOutput 2 -> 0 cross 1 tick 1`] = `163025`;

exports[`QuoterV2 quotes #quoteExactOutput 2 -> 0 cross 2 ticks 1`] = `201634`;

exports[`QuoterV2 quotes #quoteExactOutput 2 -> 0 cross 2 where tick after is initialized 1`] = `201628`;

exports[`QuoterV2 quotes #quoteExactOutput 2 -> 1 1`] = `121792`;

exports[`QuoterV2 quotes #quoteExactOutputSingle 0 -> 1 1`] = `130182`;

exports[`QuoterV2 quotes #quoteExactOutputSingle 1 -> 0 1`] = `122242`;
