// Jest Snapshot v1, https://goo.gl/fbAQLP

exports[`SwapRouter gas tests #exactInput 0 -> 1 -> 2 1`] = `242056`;

exports[`SwapRouter gas tests #exactInput 0 -> 1 1`] = `147171`;

exports[`SwapRouter gas tests #exactInput 0 -> 1 minimal 1`] = `127505`;

exports[`SwapRouter gas tests #exactInput 0 -> WETH9 1`] = `166253`;

exports[`SwapRouter gas tests #exactInput 2 trades (via router) 1`] = `259329`;

exports[`SwapRouter gas tests #exactInput 3 trades (directly to sender) 1`] = `362408`;

exports[`SwapRouter gas tests #exactInput WETH9 -> 0 1`] = `144617`;

exports[`SwapRouter gas tests #exactInputSingle 0 -> 1 1`] = `149028`;

exports[`SwapRouter gas tests #exactInputSingle 0 -> WETH9 1`] = `167904`;

exports[`SwapRouter gas tests #exactInputSingle WETH9 -> 0 1`] = `146474`;

exports[`SwapRouter gas tests #exactOutput 0 -> 1 -> 2 1`] = `231557`;

exports[`SwapRouter gas tests #exactOutput 0 -> 1 1`] = `147382`;

exports[`SwapRouter gas tests #exactOutput 0 -> WETH9 1`] = `164396`;

exports[`SwapRouter gas tests #exactOutput WETH9 -> 0 1`] = `154690`;

exports[`SwapRouter gas tests #exactOutputSingle 0 -> 1 1`] = `147513`;

exports[`SwapRouter gas tests #exactOutputSingle 0 -> WETH9 1`] = `164527`;

exports[`SwapRouter gas tests #exactOutputSingle WETH9 -> 0 1`] = `149272`;

exports[`SwapRouter gas tests 3 trades (directly to sender) 1`] = `248748`;
